python : 2026-03-10 21:10:23,549 - app - INFO - Flask application starting in 
development mode...
At line:1 char:1
+ python test_group_urls.py > test_output.txt 2>&1 ; type test_output.t ...
+ ~~~~~~~~~~~~~~~~~~~~~~~~~~~~~~~~~~~~~~~~~~~~~~~~
    + CategoryInfo          : NotSpecified: (2026-03-10 21:1...lopment mode... 
   :String) [], RemoteException
    + FullyQualifiedErrorId : NativeCommandError
 
2026-03-10 21:10:23,550 - app - INFO - Upload folder configured: 
C:\thinglistorg\uploads
2026-03-10 21:10:23,550 - app - INFO - Image storage folder configured: 
C:\Apache24\htdocs\images
2026-03-10 21:10:23,633 - app - INFO - Database initialized
2026-03-10 21:10:23,633 - app - INFO - Flask-Login initialized
2026-03-10 21:10:23,634 - app - INFO - Flask-WTF CSRF protection initialized
C:\Users\simon clucas\AppData\Roaming\Python\Python310\site-packages\flask_limi
ter\extension.py:333: UserWarning: Using the in-memory storage for tracking 
rate limits as no storage was explicitly specified. This is not recommended 
for production use. See: 
https://flask-limiter.readthedocs.io#configuring-a-storage-backend for 
documentation about configuring the storage backend.
  warnings.warn(
2026-03-10 21:10:23,637 - app - INFO - Rate limiting initialized
**************************************************************************************************************
=============================================================================================
Configuration loaded for environment: development
=============================================================================================
Personal list URL: /lists/personal-list-103
Group list URL: /groups/test-group-14/lists/group-list-104
Group list edit URL: /groups/test-group-14/lists/group-list-104/edit
Traceback (most recent call last):
  File "C:\thinglistorg\test_group_urls.py", line 60, in test_group_list_url
    print("\n\u2705 All tests passed!")
  File "C:\Program Files\Python310\lib\encodings\cp1252.py", line 19, in encode
    return codecs.charmap_encode(input,self.errors,encoding_table)[0]
UnicodeEncodeError: 'charmap' codec can't encode character '\u2705' in 
position 2: character maps to <undefined>

During handling of the above exception, another exception occurred:

Traceback (most recent call last):
  File "C:\thinglistorg\test_group_urls.py", line 78, in <module>
    test_group_list_url()
  File "C:\thinglistorg\test_group_urls.py", line 73, in test_group_list_url
    print(f"\u274c Test failed: {e}")
  File "C:\Program Files\Python310\lib\encodings\cp1252.py", line 19, in encode
    return codecs.charmap_encode(input,self.errors,encoding_table)[0]
UnicodeEncodeError: 'charmap' codec can't encode character '\u274c' in 
position 0: character maps to <undefined>
